Microchip MPLAB XC8 Compiler V2.31

Linker command line:

-W-3 --edf=C:\Program Files\Microchip\xc8\v2.31\pic\dat\en_msgs.txt -cn \
  -h+dist/default/production\busdisplay.X.production.sym \
  --cmf=dist/default/production\busdisplay.X.production.cmf -z -Q16F570 \
  -oC:\Users\Sirawit\AppData\Local\Temp\shqc.2 --defsym=__MPLAB_BUILD=1 \
  -Mdist/default/production/busdisplay.X.production.map -E1 \
  -ver=XC8 Compiler --acfsm=1493 -ASTACK=050h-05Fh -pstack=STACK \
  -ACODE=00h-01FFhx3,0600h-07FEh -ASTRCODE=00h-07FEh \
  -ASTRING=00h-0FFh,0200h-02FFh,0400h-04FFh,0600h-06FFh \
  -AENTRY=00h-0FFh-01FFh,0200h-02FFh-03FFh,0400h-04FFh-05FFh,0600h-06FFh-07FEh \
  -ACOMMON=0Ch-0Fh -ABANK0=010h-01Fh -ABANK1=030h-03Fh -ABANK2=050h-05Fh \
  -ABANK3=070h-07Fh -ABANK4=090h-09Fh -ABANK5=0B0h-0BFh -ABANK6=0D0h-0DFh \
  -ABANK7=0F0h-0FFh \
  -ARAM=010h-01Fh,030h-03Fh,050h-05Fh,070h-07Fh,090h-09Fh,0B0h-0BFh,0D0h-0DFh,0F0h-0FFh \
  -AABS1=0Ch-01Fh,030h-03Fh,050h-05Fh,070h-07Fh,090h-09Fh,0B0h-0BFh,0D0h-0DFh,0F0h-0FFh \
  -ASFR0=00h-0Fh -ASFR1=020h-02Fh -ASFR2=040h-04Fh -ASFR3=060h-06Fh \
  -ASFR4=080h-08Fh -ASFR5=0A0h-0AFh -ASFR6=0C0h-0CFh -ASFR7=0E0h-0EFh \
  -ACONFIG=0FFFh-0FFFh -DCONFIG=2 -AIDLOC=0840h-0843h -DIDLOC=2 -DCODE=2 \
  -DSTRCODE=2 -DSTRING=2 -DCONST=2 -DENTRY=2 \
  -preset_vec=07ffh,reset_wrap=0h,intentry,init,end_init,cinit,clrtext \
  -ppowerup=CODE -pfunctab=ENTRY -pstrings=-STRING -k \
  C:\Users\Sirawit\AppData\Local\Temp\shqc.o \
  dist/default/production\busdisplay.X.production.o 

Object code version is 3.11

Machine type is 16F570



                Name                               Link     Load   Length Selector   Space Scale
C:\Users\Sirawit\AppData\Local\Temp\shqc.o
                end_init                              0        0        3        0       0
                reset_vec                           7FF      7FF        1      FFE       0
                config                              FFF      FFF        1        0       4
dist/default/production\busdisplay.X.production.o
                cinit                                 3        3       65        0       0
                config                              FFF      FFF        1        0       4
                idloc                                 0        0      844        0       5
                text2                                B7       B7       70      16E       0
                jmp_tab                              78       78        6        0       0
                text1                               39E      39E       62      73C       0
                maintext                            127      127       D9      24E       0
                cstackBANK0                          10       10        C       10       1
                dataBANK1                            30       30       10       30       1
                idataBANK1                           68       68       10        0       0

TOTAL           Name                               Link     Load   Length     Space
        CLASS   STACK          

        CLASS   CODE           
                reset_vec                           7FF      7FF        1         0
                text2                                B7       B7       70         0
                text1                               39E      39E       62         0
                maintext                            127      127       D9         0

        CLASS   STRCODE        

        CLASS   STRING         

        CLASS   ENTRY          
                end_init                              0        0        3         0
                cinit                                 3        3       65         0
                jmp_tab                              78       78        6         0
                idataBANK1                           68       68       10         0

        CLASS   COMMON         

        CLASS   BANK0          
                cstackBANK0                          10       10        C         1

        CLASS   BANK1          
                dataBANK1                            30       30       10         1

        CLASS   BANK2          

        CLASS   BANK3          

        CLASS   BANK4          

        CLASS   BANK5          

        CLASS   BANK6          

        CLASS   BANK7          

        CLASS   RAM            

        CLASS   ABS1           
                abs_s1                                C        C        4         1

        CLASS   SFR0           

        CLASS   SFR1           

        CLASS   SFR2           

        CLASS   SFR3           

        CLASS   SFR4           

        CLASS   SFR5           

        CLASS   SFR6           

        CLASS   SFR7           

        CLASS   CONFIG         
                config                              FFF      FFF        1         4

        CLASS   IDLOC          
                idloc                                 0        0      844         5

        CLASS   CONST          



SEGMENTS        Name                           Load    Length   Top    Selector   Space  Class     Delta

                reset_wrap                     000000  00007E  00007E         0       0  ENTRY       2
                cstackBANK0                    000010  00000C  00001C        10       1  BANK0       1
                dataBANK1                      000030  000010  000040        30       1  BANK1       1
                text2                          0000B7  000070  000127       16E       0  CODE        2
                maintext                       000127  0000D9  000200       24E       0  CODE        2
                text1                          00039E  000062  000400       73C       0  CODE        2
                reset_vec                      0007FF  000001  000800       FFE       0  CODE        2


UNUSED ADDRESS RANGES

        Name                Unused          Largest block    Delta
        BANK0            001C-001F              4           1
        BANK2            0050-005F             10           1
        BANK3            0070-007F             10           1
        BANK4            0090-009F             10           1
        BANK5            00B0-00BF             10           1
        BANK6            00D0-00DF             10           1
        BANK7            00F0-00FF             10           1
        CODE             007E-00B6             39           2
                         0200-039D            19E
                         0400-07FE            200
        ENTRY            007E-00B6             39           2
                         0200-02FF+009E        100
                         0400-04FF+0100        100
                         0600-06FF+00FF        100
        RAM              001C-001F              4           1
                         0050-005F             10
                         0070-007F             10
                         0090-009F             10
                         00B0-00BF             10
                         00D0-00DF             10
                         00F0-00FF             10
        SFR0             0000-000B              C           1
        SFR1             0020-002F             10           1
        SFR2             0040-004F             10           1
        SFR3             0060-006F             10           1
        SFR4             0080-008F             10           1
        SFR5             00A0-00AF             10           1
        SFR6             00C0-00CF             10           1
        SFR7             00E0-00EF             10           1
        STACK            0050-005F             10           1
        STRCODE          007E-00B6             39           2
                         0200-039D            19E
                         0400-07FE            3FF
        STRING           007E-00B6             39           2
                         0200-02FF            100
                         0400-04FF            100
                         0600-06FF            100

                                  Symbol Table

?___awdiv                cstackBANK0  0010
?___awmod                cstackBANK0  0010
_ANSEL                   (abs)        002A
_CM1CON0                 (abs)        0027
_CM2CON0                 (abs)        0028
_OPTION                  (abs)        0000
_PORTA                   (abs)        0006
_PORTB                   (abs)        0007
_PORTC                   (abs)        0008
_RB0                     (abs)        0038
_RB3                     (abs)        003B
_RB4                     (abs)        003C
_RB5                     (abs)        003D
_TRISA                   (abs)        0006
_TRISB                   (abs)        0007
_TRISC                   (abs)        0008
__Habs1                  abs1         0000
__Hbank0                 bank0        0000
__Hbank1                 bank1        0000
__Hbank2                 bank2        0000
__Hbank3                 bank3        0000
__Hbank4                 bank4        0000
__Hbank5                 bank5        0000
__Hbank6                 bank6        0000
__Hbank7                 bank7        0000
__Hcinit                 cinit        0068
__Hclrtext               clrtext      0068
__Hcode                  code         0000
__Hcommon                common       0000
__Hconfig                config       1000
__HcstackBANK0           cstackBANK0  0000
__HcstackCOMMON          cstackCOMMON 0000
__HdataBANK1             dataBANK1    0000
__Hend_init              end_init     0003
__Hfunctab               functab      0000
__HidataBANK1            idataBANK1   0000
__Hidloc                 idloc        0844
__Hinit                  init         0000
__Hintentry              intentry     0000
__Hjmp_tab               jmp_tab      0000
__Hmaintext              maintext     0000
__Hpowerup               powerup      0000
__Hram                   ram          0000
__Hreset_vec             reset_vec    0800
__Hreset_wrap            reset_wrap   0000
__Hsfr0                  sfr0         0000
__Hsfr1                  sfr1         0000
__Hsfr2                  sfr2         0000
__Hsfr3                  sfr3         0000
__Hsfr4                  sfr4         0000
__Hsfr5                  sfr5         0000
__Hsfr6                  sfr6         0000
__Hsfr7                  sfr7         0000
__Hspace_0               (abs)        0800
__Hspace_1               (abs)        0040
__Hspace_2               (abs)        0000
__Hspace_4               (abs)        1FFF
__Hstack                 stack        0000
__Hstrings               strings      0000
__Htext                  text         0000
__Labs1                  abs1         0000
__Lbank0                 bank0        0000
__Lbank1                 bank1        0000
__Lbank2                 bank2        0000
__Lbank3                 bank3        0000
__Lbank4                 bank4        0000
__Lbank5                 bank5        0000
__Lbank6                 bank6        0000
__Lbank7                 bank7        0000
__Lcinit                 cinit        0003
__Lclrtext               clrtext      0068
__Lcode                  code         0000
__Lcommon                common       0000
__Lconfig                config       0000
__LcstackBANK0           cstackBANK0  0000
__LcstackCOMMON          cstackCOMMON 0000
__LdataBANK1             dataBANK1    0000
__Lend_init              end_init     0000
__Lfunctab               functab      0000
__LidataBANK1            idataBANK1   0000
__Lidloc                 idloc        0000
__Linit                  init         0000
__Lintentry              intentry     0000
__Ljmp_tab               jmp_tab      0000
__Lmaintext              maintext     0000
__Lpowerup               powerup      0000
__Lram                   ram          0000
__Lreset_vec             reset_vec    07FF
__Lreset_wrap            reset_wrap   0000
__Lsfr0                  sfr0         0000
__Lsfr1                  sfr1         0000
__Lsfr2                  sfr2         0000
__Lsfr3                  sfr3         0000
__Lsfr4                  sfr4         0000
__Lsfr5                  sfr5         0000
__Lsfr6                  sfr6         0000
__Lsfr7                  sfr7         0000
__Lspace_0               (abs)        0000
__Lspace_1               (abs)        0000
__Lspace_2               (abs)        0000
__Lspace_4               (abs)        0000
__Lstack                 stack        0000
__Lstrings               strings      0000
__Ltext                  text         0000
__S0                     (abs)        0400
__S1                     (abs)        0040
__S2                     (abs)        0000
___awdiv                 text2        00B7
___awdiv@counter         cstackBANK0  0014
___awdiv@dividend        cstackBANK0  0012
___awdiv@divisor         cstackBANK0  0010
___awdiv@quotient        cstackBANK0  0016
___awdiv@sign            cstackBANK0  0015
___awmod                 text1        039E
___awmod@counter         cstackBANK0  0014
___awmod@dividend        cstackBANK0  0012
___awmod@divisor         cstackBANK0  0010
___awmod@sign            cstackBANK0  0015
___int_sp                stack        0000
___latbits               (abs)        0002
___sp                    stack        0000
___stackhi               (abs)        0000
___stacklo               (abs)        0000
__end_of___awdiv         text2        0127
__end_of___awmod         text1        0400
__end_of__initialization cinit        0064
__end_of_main            maintext     0200
__initialization         cinit        0003
__pcstackBANK0           cstackBANK0  0010
__pcstackCOMMON          cstackCOMMON 0000
__pdataBANK1             dataBANK1    0030
__pidataBANK1            idataBANK1   0068
__pjmp_tab               jmp_tab      0078
__pmaintext              maintext     0127
__ptext1                 text1        039E
__ptext2                 text2        00B7
__size_of___awdiv        (abs)        0000
__size_of___awmod        (abs)        0000
__size_of_main           (abs)        0000
_digits                  dataBANK1    0030
_main                    maintext     0127
btemp                    (abs)        000C
end_of_initialization    cinit        0064
entry____awdiv           jmp_tab      007B
entry____awmod           jmp_tab      0078
intlevel0                intentry     0000
intlevel1                intentry     0000
intlevel2                intentry     0000
intlevel3                intentry     0000
intlevel4                intentry     0000
intlevel5                intentry     0000
ltemp0                   (abs)        000C
main@t                   cstackBANK0  001A
reset_vec                reset_vec    07FF
start                    init         0000
start_initialization     cinit        0003
ttemp0                   (abs)        000C
wtemp0                   (abs)        000C
wtemp1                   (abs)        000E


FUNCTION INFORMATION:

 *************** function _main *****************
 Defined at:
		line 32 in file "main.c"
 Parameters:    Size  Location     Type
		None
 Auto vars:     Size  Location     Type
  t               2   10[BANK0 ] int 
 Return value:  Size  Location     Type
                  2   36[None  ] int 
 Registers used:
		wreg, fsr0l, fsr0h, status,2, status,0, btemp+0, btemp+1, btemp+2, btemp+3, pclath, cstack
 Tracked objects:
		On entry : 
		On exit  : 
		Unchanged: 
 Data sizes:     COMMON   BANK0   BANK1   BANK3   BANK4   BANK2   BANK5   BANK6   BANK7
      Params:         0       0       0       0       0       0       0       0       0
      Locals:         0       2       0       0       0       0       0       0       0
      Temps:          0       2       0       0       0       0       0       0       0
      Totals:         0       4       0       0       0       0       0       0       0
Total ram usage:        4 bytes
 Hardware stack levels required when called:    1
 This function calls:
		___awdiv
		___awmod
 This function is called by:
		Startup code after reset
 This function uses a non-reentrant model


 *************** function ___awmod *****************
 Defined at:
		line 5 in file "C:\Program Files\Microchip\xc8\v2.31\pic\sources\c90\common\awmod.c"
 Parameters:    Size  Location     Type
  divisor         2    0[BANK0 ] int 
  dividend        2    2[BANK0 ] int 
 Auto vars:     Size  Location     Type
  sign            1    5[BANK0 ] unsigned char 
  counter         1    4[BANK0 ] unsigned char 
 Return value:  Size  Location     Type
                  2    0[BANK0 ] int 
 Registers used:
		wreg, fsr0l, fsr0h, status,2, status,0, btemp+0, btemp+1, btemp+3
 Tracked objects:
		On entry : 
		On exit  : 
		Unchanged: 
 Data sizes:     COMMON   BANK0   BANK1   BANK3   BANK4   BANK2   BANK5   BANK6   BANK7
      Params:         0       4       0       0       0       0       0       0       0
      Locals:         0       2       0       0       0       0       0       0       0
      Temps:          0       0       0       0       0       0       0       0       0
      Totals:         0       6       0       0       0       0       0       0       0
Total ram usage:        6 bytes
 Hardware stack levels used:    1
 This function calls:
		Nothing
 This function is called by:
		_main
 This function uses a non-reentrant model


 *************** function ___awdiv *****************
 Defined at:
		line 5 in file "C:\Program Files\Microchip\xc8\v2.31\pic\sources\c90\common\awdiv.c"
 Parameters:    Size  Location     Type
  divisor         2    0[BANK0 ] int 
  dividend        2    2[BANK0 ] int 
 Auto vars:     Size  Location     Type
  quotient        2    6[BANK0 ] int 
  sign            1    5[BANK0 ] unsigned char 
  counter         1    4[BANK0 ] unsigned char 
 Return value:  Size  Location     Type
                  2    0[BANK0 ] int 
 Registers used:
		wreg, fsr0l, fsr0h, status,2, status,0, btemp+0, btemp+1, btemp+3
 Tracked objects:
		On entry : 
		On exit  : 
		Unchanged: 
 Data sizes:     COMMON   BANK0   BANK1   BANK3   BANK4   BANK2   BANK5   BANK6   BANK7
      Params:         0       4       0       0       0       0       0       0       0
      Locals:         0       4       0       0       0       0       0       0       0
      Temps:          0       0       0       0       0       0       0       0       0
      Totals:         0       8       0       0       0       0       0       0       0
Total ram usage:        8 bytes
 Hardware stack levels used:    1
 This function calls:
		Nothing
 This function is called by:
		_main
 This function uses a non-reentrant model



MODULE INFORMATION

Module		Function		Class		Link	Load	Size
C:\Program Files\Microchip\xc8\v2.31\pic\sources\c90\common\awmod.c
		___awmod       		CODE           	039E	0000	98

C:\Program Files\Microchip\xc8\v2.31\pic\sources\c90\common\awmod.c estimated size: 98

C:\Program Files\Microchip\xc8\v2.31\pic\sources\c90\common\awdiv.c
		___awdiv       		CODE           	00B7	0000	112

C:\Program Files\Microchip\xc8\v2.31\pic\sources\c90\common\awdiv.c estimated size: 112

shared
		__initialization		ENTRY          	0003	0000	97

shared estimated size: 97

main.c
		_main          		CODE           	0127	0000	217

main.c estimated size: 217

